2025-03-20 03:22:24 [INFO] C.Controllers.LoginController - User logged in 
IP: 127.0.0.1 
Agent: Mozilla/5.0 (Windows NT 10.0; Win64; x64; rv:136.0) Gecko/20100101 Firefox/136.0 
Referrer: http://localhost:8080/swagger-ui/index.html 
LoginTime: 2025-03-20T03:22:24.651029900


2025-03-20 03:23:34 [INFO] C.Controllers.LoginController - User logged in 
IP: 127.0.0.1 
Agent: Mozilla/5.0 (Windows NT 10.0; Win64; x64; rv:136.0) Gecko/20100101 Firefox/136.0 
Referrer: http://localhost:3000/ 
LoginTime: 2025-03-20T03:23:34.539192


2025-03-20 03:23:39 [INFO] C.Controllers.LoginController - User logged in 
IP: 127.0.0.1 
Agent: Mozilla/5.0 (Windows NT 10.0; Win64; x64; rv:136.0) Gecko/20100101 Firefox/136.0 
Referrer: http://localhost:3000/ 
LoginTime: 2025-03-20T03:23:39.264762700


2025-03-20 03:23:47 [INFO] C.Controllers.LoginController - User logged in 
IP: 127.0.0.1 
Agent: Mozilla/5.0 (Windows NT 10.0; Win64; x64; rv:136.0) Gecko/20100101 Firefox/136.0 
Referrer: http://localhost:3000/ 
LoginTime: 2025-03-20T03:23:47.800911600


2025-03-20 03:24:22 [INFO] C.Controllers.LoginController - User logged in 
IP: 127.0.0.1 
Agent: Mozilla/5.0 (Windows NT 10.0; Win64; x64; rv:136.0) Gecko/20100101 Firefox/136.0 
Referrer: http://localhost:3000/ 
LoginTime: 2025-03-20T03:24:22.365099700


2025-03-20 03:29:59 [INFO] C.Controllers.LoginController - User logged in 
IP: 127.0.0.1 
Agent: Mozilla/5.0 (Windows NT 10.0; Win64; x64; rv:136.0) Gecko/20100101 Firefox/136.0 
Referrer: http://localhost:3000/ 
LoginTime: 2025-03-20T03:29:59.141235600


2025-03-22 06:31:31 [INFO] C.Controllers.LoginController - User logged in 
IP: 127.0.0.1 
Agent: Mozilla/5.0 (Windows NT 10.0; Win64; x64; rv:136.0) Gecko/20100101 Firefox/136.0 
Referrer: http://localhost:3000/ 
LoginTime: 2025-03-22T06:31:31.490113800


2025-03-22 08:19:32 [INFO] C.Controllers.LoginController - User logged in 
IP: 127.0.0.1 
Agent: Mozilla/5.0 (Linux; Android 11; SAMSUNG SM-G973U) AppleWebKit/537.36 (KHTML, like Gecko) SamsungBrowser/14.2 Chrome/87.0.4280.141 Mobile Safari/537.36 
Referrer: http://localhost:3000/ 
LoginTime: 2025-03-22T08:19:32.522432100


2025-03-22 12:15:44 [INFO] C.Controllers.LoginController - User logged in 
IP: 127.0.0.1 
Agent: Mozilla/5.0 (Linux; Android 11; SAMSUNG SM-G973U) AppleWebKit/537.36 (KHTML, like Gecko) SamsungBrowser/14.2 Chrome/87.0.4280.141 Mobile Safari/537.36 
Referrer: http://localhost:3000/ 
LoginTime: 2025-03-22T12:15:44.020578400


2025-03-22 12:30:15 [INFO] C.Controllers.LoginController - User logged in 
IP: 127.0.0.1 
Agent: Mozilla/5.0 (Linux; Android 11; SAMSUNG SM-G973U) AppleWebKit/537.36 (KHTML, like Gecko) SamsungBrowser/14.2 Chrome/87.0.4280.141 Mobile Safari/537.36 
Referrer: http://localhost:3000/ 
LoginTime: 2025-03-22T12:30:15.794791400


2025-03-22 12:30:28 [INFO] C.Controllers.LoginController - User logged in 
IP: 127.0.0.1 
Agent: Mozilla/5.0 (Linux; Android 11; SAMSUNG SM-G973U) AppleWebKit/537.36 (KHTML, like Gecko) SamsungBrowser/14.2 Chrome/87.0.4280.141 Mobile Safari/537.36 
Referrer: http://localhost:3000/ 
LoginTime: 2025-03-22T12:30:28.682504300


2025-03-22 13:05:43 [INFO] C.Controllers.LoginController - User logged in 
IP: 127.0.0.1 
Agent: Mozilla/5.0 (Linux; Android 11; SAMSUNG SM-G973U) AppleWebKit/537.36 (KHTML, like Gecko) SamsungBrowser/14.2 Chrome/87.0.4280.141 Mobile Safari/537.36 
Referrer: http://localhost:3000/ 
LoginTime: 2025-03-22T13:05:43.663318400


2025-03-23 10:17:44 [INFO] C.Controllers.LoginController - User logged in 
IP: 127.0.0.1 
Agent: Mozilla/5.0 (Linux; Android 11; SAMSUNG SM-G973U) AppleWebKit/537.36 (KHTML, like Gecko) SamsungBrowser/14.2 Chrome/87.0.4280.141 Mobile Safari/537.36 
Referrer: http://localhost:3000/ 
LoginTime: 2025-03-23T10:17:44.177897200


2025-03-23 12:21:30 [INFO] C.Controllers.LoginController - User logged in 
IP: 127.0.0.1 
Agent: Mozilla/5.0 (Linux; Android 11; SAMSUNG SM-G973U) AppleWebKit/537.36 (KHTML, like Gecko) SamsungBrowser/14.2 Chrome/87.0.4280.141 Mobile Safari/537.36 
Referrer: http://localhost:3000/ 
LoginTime: 2025-03-23T12:21:30.828286


2025-03-23 12:43:16 [INFO] C.Controllers.LoginController - User logged in 
IP: 127.0.0.1 
Agent: Mozilla/5.0 (Linux; Android 11; SAMSUNG SM-G973U) AppleWebKit/537.36 (KHTML, like Gecko) SamsungBrowser/14.2 Chrome/87.0.4280.141 Mobile Safari/537.36 
Referrer: http://localhost:3000/ 
LoginTime: 2025-03-23T12:43:16.353171900


2025-03-25 09:34:55 [INFO] C.Controllers.LoginController - User logged in 
IP: 127.0.0.1 
Agent: Mozilla/5.0 (Windows NT 10.0; Win64; x64; rv:136.0) Gecko/20100101 Firefox/136.0 
Referrer: http://localhost:3000/ 
LoginTime: 2025-03-25T09:34:55.997041800


2025-03-25 10:08:48 [INFO] C.Controllers.LoginController - User logged in 
IP: 127.0.0.1 
Agent: Mozilla/5.0 (Windows NT 10.0; Win64; x64; rv:136.0) Gecko/20100101 Firefox/136.0 
Referrer: http://localhost:3000/ 
LoginTime: 2025-03-25T10:08:48.623877800


2025-03-25 10:25:49 [INFO] C.Controllers.LoginController - User logged in 
IP: 127.0.0.1 
Agent: Mozilla/5.0 (Windows NT 10.0; Win64; x64; rv:136.0) Gecko/20100101 Firefox/136.0 
Referrer: http://localhost:3000/ 
LoginTime: 2025-03-25T10:25:49.872893400


2025-03-25 10:26:59 [INFO] C.Controllers.LoginController - User logged in 
IP: 127.0.0.1 
Agent: Mozilla/5.0 (Windows NT 10.0; Win64; x64; rv:136.0) Gecko/20100101 Firefox/136.0 
Referrer: http://localhost:3000/ 
LoginTime: 2025-03-25T10:26:59.069963300


2025-03-25 10:27:16 [INFO] C.Controllers.LoginController - User logged in 
IP: 127.0.0.1 
Agent: Mozilla/5.0 (Windows NT 10.0; Win64; x64; rv:136.0) Gecko/20100101 Firefox/136.0 
Referrer: http://localhost:3000/ 
LoginTime: 2025-03-25T10:27:16.195085200


2025-03-25 10:27:28 [INFO] C.Controllers.LoginController - User logged in 
IP: 127.0.0.1 
Agent: Mozilla/5.0 (Windows NT 10.0; Win64; x64; rv:136.0) Gecko/20100101 Firefox/136.0 
Referrer: http://localhost:3000/ 
LoginTime: 2025-03-25T10:27:28.777716


2025-03-25 11:06:43 [INFO] C.Controllers.LoginController - User logged in 
IP: 127.0.0.1 
Agent: Mozilla/5.0 (Windows NT 10.0; Win64; x64; rv:136.0) Gecko/20100101 Firefox/136.0 
Referrer: http://localhost:3000/ 
LoginTime: 2025-03-25T11:06:43.313909300


2025-03-25 11:22:12 [INFO] C.Controllers.LoginController - User logged in 
IP: 127.0.0.1 
Agent: Mozilla/5.0 (Windows NT 10.0; Win64; x64; rv:136.0) Gecko/20100101 Firefox/136.0 
Referrer: http://localhost:3000/ 
LoginTime: 2025-03-25T11:22:12.494445100


2025-03-25 11:28:30 [INFO] C.Controllers.LoginController - User logged in 
IP: 127.0.0.1 
Agent: Mozilla/5.0 (Windows NT 10.0; Win64; x64; rv:136.0) Gecko/20100101 Firefox/136.0 
Referrer: http://localhost:3000/ 
LoginTime: 2025-03-25T11:28:30.617577900


2025-03-25 11:34:27 [INFO] C.Controllers.LoginController - User logged in 
IP: 127.0.0.1 
Agent: Mozilla/5.0 (Windows NT 10.0; Win64; x64; rv:136.0) Gecko/20100101 Firefox/136.0 
Referrer: http://localhost:3000/ 
LoginTime: 2025-03-25T11:34:27.868835600


2025-03-25 11:39:05 [INFO] C.Controllers.LoginController - User logged in 
IP: 127.0.0.1 
Agent: Mozilla/5.0 (Windows NT 10.0; Win64; x64; rv:136.0) Gecko/20100101 Firefox/136.0 
Referrer: http://localhost:3000/ 
LoginTime: 2025-03-25T11:39:05.836474700


2025-03-25 12:47:04 [INFO] C.Controllers.LoginController - User logged in 
IP: 127.0.0.1 
Agent: Mozilla/5.0 (Windows NT 10.0; Win64; x64; rv:136.0) Gecko/20100101 Firefox/136.0 
Referrer: http://localhost:3000/ 
LoginTime: 2025-03-25T12:47:04.105056200


2025-03-25 13:32:45 [INFO] C.Controllers.LoginController - User logged in 
IP: 127.0.0.1 
Agent: Mozilla/5.0 (Windows NT 10.0; Win64; x64; rv:136.0) Gecko/20100101 Firefox/136.0 
Referrer: http://localhost:3000/ 
LoginTime: 2025-03-25T13:32:45.463151100


2025-03-25 13:48:41 [INFO] C.Controllers.LoginController - User logged in 
IP: 127.0.0.1 
Agent: Mozilla/5.0 (Windows NT 10.0; Win64; x64; rv:136.0) Gecko/20100101 Firefox/136.0 
Referrer: http://localhost:3000/ 
LoginTime: 2025-03-25T13:48:41.298494600


2025-03-25 13:50:15 [INFO] C.Controllers.LoginController - User logged in 
IP: 127.0.0.1 
Agent: Mozilla/5.0 (Windows NT 10.0; Win64; x64; rv:136.0) Gecko/20100101 Firefox/136.0 
Referrer: http://localhost:3000/ 
LoginTime: 2025-03-25T13:50:15.627604500


2025-03-25 13:55:11 [INFO] C.Controllers.LoginController - User logged in 
IP: 127.0.0.1 
Agent: Mozilla/5.0 (Windows NT 10.0; Win64; x64; rv:136.0) Gecko/20100101 Firefox/136.0 
Referrer: http://localhost:3000/ 
LoginTime: 2025-03-25T13:55:11.952084800


2025-03-25 13:57:06 [INFO] C.Controllers.LoginController - User logged in 
IP: 127.0.0.1 
Agent: Mozilla/5.0 (Windows NT 10.0; Win64; x64; rv:136.0) Gecko/20100101 Firefox/136.0 
Referrer: http://localhost:3000/ 
LoginTime: 2025-03-25T13:57:06.249340600


2025-03-25 14:10:00 [INFO] C.Controllers.LoginController - User logged in 
IP: 127.0.0.1 
Agent: Mozilla/5.0 (Windows NT 10.0; Win64; x64; rv:136.0) Gecko/20100101 Firefox/136.0 
Referrer: http://localhost:3000/ 
LoginTime: 2025-03-25T14:10:00.050652600


2025-03-25 14:52:39 [INFO] C.Controllers.LoginController - User logged in 
IP: 127.0.0.1 
Agent: Mozilla/5.0 (Windows NT 10.0; Win64; x64; rv:136.0) Gecko/20100101 Firefox/136.0 
Referrer: http://localhost:3000/ 
LoginTime: 2025-03-25T14:52:39.264826700


2025-03-25 14:53:13 [INFO] C.Controllers.LoginController - User logged in 
IP: 127.0.0.1 
Agent: Mozilla/5.0 (Windows NT 10.0; Win64; x64; rv:136.0) Gecko/20100101 Firefox/136.0 
Referrer: http://localhost:3000/ 
LoginTime: 2025-03-25T14:53:13.887520300


2025-03-25 14:53:41 [INFO] C.Controllers.LoginController - User logged in 
IP: 127.0.0.1 
Agent: Mozilla/5.0 (Windows NT 10.0; Win64; x64; rv:136.0) Gecko/20100101 Firefox/136.0 
Referrer: http://localhost:3000/ 
LoginTime: 2025-03-25T14:53:41.309962200


2025-03-25 15:00:41 [INFO] C.Controllers.LoginController - User logged in 
IP: 127.0.0.1 
Agent: Mozilla/5.0 (Windows NT 10.0; Win64; x64; rv:136.0) Gecko/20100101 Firefox/136.0 
Referrer: http://localhost:3000/ 
LoginTime: 2025-03-25T15:00:41.686167300


2025-03-25 18:46:30 [INFO] C.Controllers.LoginController - User logged in 
IP: 127.0.0.1 
Agent: Mozilla/5.0 (Windows NT 10.0; Win64; x64; rv:136.0) Gecko/20100101 Firefox/136.0 
Referrer: http://localhost:3000/ 
LoginTime: 2025-03-25T18:46:30.139078400


2025-03-25 18:50:13 [INFO] C.Controllers.LoginController - User logged in 
IP: 127.0.0.1 
Agent: Mozilla/5.0 (Windows NT 10.0; Win64; x64; rv:136.0) Gecko/20100101 Firefox/136.0 
Referrer: http://localhost:3000/ 
LoginTime: 2025-03-25T18:50:13.907087300


2025-03-25 18:56:02 [INFO] C.Controllers.LoginController - User logged in 
IP: 127.0.0.1 
Agent: Mozilla/5.0 (Windows NT 10.0; Win64; x64; rv:136.0) Gecko/20100101 Firefox/136.0 
Referrer: http://localhost:3000/ 
LoginTime: 2025-03-25T18:56:02.099796


2025-03-25 19:03:10 [INFO] C.Controllers.LoginController - User logged in 
IP: 0:0:0:0:0:0:0:1 
Agent: Mozilla/5.0 (Windows NT 10.0; Win64; x64) AppleWebKit/537.36 (KHTML, like Gecko) Chrome/134.0.0.0 Safari/537.36 
Referrer: http://localhost:3000/ 
LoginTime: 2025-03-25T19:03:10.453054600


2025-03-25 19:24:22 [INFO] C.Controllers.LoginController - User logged in 
IP: 127.0.0.1 
Agent: Mozilla/5.0 (Windows NT 10.0; Win64; x64; rv:136.0) Gecko/20100101 Firefox/136.0 
Referrer: http://localhost:3000/ 
LoginTime: 2025-03-25T19:24:22.619535800


2025-03-25 19:24:54 [INFO] C.Controllers.LoginController - User logged in 
IP: 127.0.0.1 
Agent: Mozilla/5.0 (Windows NT 10.0; Win64; x64; rv:136.0) Gecko/20100101 Firefox/136.0 
Referrer: http://localhost:3000/ 
LoginTime: 2025-03-25T19:24:54.555129300


2025-03-25 19:27:45 [INFO] C.Controllers.LoginController - User logged in 
IP: 127.0.0.1 
Agent: Mozilla/5.0 (Windows NT 10.0; Win64; x64; rv:136.0) Gecko/20100101 Firefox/136.0 
Referrer: http://localhost:3000/ 
LoginTime: 2025-03-25T19:27:45.848665100


2025-03-25 19:28:53 [INFO] C.Controllers.LoginController - User logged in 
IP: 127.0.0.1 
Agent: Mozilla/5.0 (Windows NT 10.0; Win64; x64; rv:136.0) Gecko/20100101 Firefox/136.0 
Referrer: http://localhost:3000/ 
LoginTime: 2025-03-25T19:28:53.610458500


2025-03-26 08:31:37 [INFO] C.Controllers.LoginController - User logged in 
IP: 127.0.0.1 
Agent: Mozilla/5.0 (Windows NT 10.0; Win64; x64; rv:136.0) Gecko/20100101 Firefox/136.0 
Referrer: http://localhost:3000/ 
LoginTime: 2025-03-26T08:31:37.190404


2025-03-26 08:32:23 [INFO] C.Controllers.LoginController - User logged in 
IP: 127.0.0.1 
Agent: Mozilla/5.0 (Windows NT 10.0; Win64; x64; rv:136.0) Gecko/20100101 Firefox/136.0 
Referrer: http://localhost:3000/ 
LoginTime: 2025-03-26T08:32:23.610619200


2025-03-26 09:23:41 [INFO] C.Controllers.LoginController - User logged in 
IP: 127.0.0.1 
Agent: Mozilla/5.0 (Windows NT 10.0; Win64; x64; rv:136.0) Gecko/20100101 Firefox/136.0 
Referrer: http://localhost:3000/ 
LoginTime: 2025-03-26T09:23:41.023263


2025-03-26 10:10:44 [INFO] C.Controllers.LoginController - User logged in 
IP: 127.0.0.1 
Agent: Mozilla/5.0 (Windows NT 10.0; Win64; x64; rv:136.0) Gecko/20100101 Firefox/136.0 
Referrer: http://localhost:3000/ 
LoginTime: 2025-03-26T10:10:44.640539600


2025-03-26 11:40:52 [INFO] C.Controllers.LoginController - User logged in 
IP: 127.0.0.1 
Agent: Mozilla/5.0 (Windows NT 10.0; Win64; x64; rv:136.0) Gecko/20100101 Firefox/136.0 
Referrer: http://localhost:3000/ 
LoginTime: 2025-03-26T11:40:52.952466800


2025-03-26 12:10:27 [INFO] C.Controllers.LoginController - User logged in 
IP: 127.0.0.1 
Agent: Mozilla/5.0 (Linux; Android 11; SAMSUNG SM-G973U) AppleWebKit/537.36 (KHTML, like Gecko) SamsungBrowser/14.2 Chrome/87.0.4280.141 Mobile Safari/537.36 
Referrer: http://localhost:3000/ 
LoginTime: 2025-03-26T12:10:27.226243200


2025-03-26 12:11:22 [INFO] C.Controllers.LoginController - User logged in 
IP: 127.0.0.1 
Agent: Mozilla/5.0 (Windows NT 10.0; Win64; x64; rv:136.0) Gecko/20100101 Firefox/136.0 
Referrer: http://localhost:3000/ 
LoginTime: 2025-03-26T12:11:22.400076200


2025-03-26 13:51:29 [INFO] C.Controllers.LoginController - User logged in 
IP: 127.0.0.1 
Agent: Mozilla/5.0 (Windows NT 10.0; Win64; x64; rv:136.0) Gecko/20100101 Firefox/136.0 
Referrer: http://localhost:3000/ 
LoginTime: 2025-03-26T13:51:29.622967300


2025-03-27 09:18:13 [INFO] C.Controllers.LoginController - User logged in 
IP: 127.0.0.1 
Agent: Mozilla/5.0 (Windows NT 10.0; Win64; x64; rv:136.0) Gecko/20100101 Firefox/136.0 
Referrer: http://localhost:3000/ 
LoginTime: 2025-03-27T09:18:13.927484


2025-03-27 09:49:21 [INFO] C.Controllers.LoginController - User logged in 
IP: 127.0.0.1 
Agent: Mozilla/5.0 (Windows NT 10.0; Win64; x64; rv:136.0) Gecko/20100101 Firefox/136.0 
Referrer: http://localhost:3000/ 
LoginTime: 2025-03-27T09:49:21.485897600


2025-03-27 10:22:16 [INFO] C.Controllers.LoginController - User logged in 
IP: 127.0.0.1 
Agent: Mozilla/5.0 (Windows NT 10.0; Win64; x64; rv:136.0) Gecko/20100101 Firefox/136.0 
Referrer: http://localhost:3000/ 
LoginTime: 2025-03-27T10:22:16.345387400


2025-03-27 10:48:39 [INFO] C.Controllers.LoginController - User logged in 
IP: 127.0.0.1 
Agent: Mozilla/5.0 (Linux; Android 11; SAMSUNG SM-G973U) AppleWebKit/537.36 (KHTML, like Gecko) SamsungBrowser/14.2 Chrome/87.0.4280.141 Mobile Safari/537.36 
Referrer: http://localhost:3000/ 
LoginTime: 2025-03-27T10:48:39.539886600


2025-03-27 10:51:40 [INFO] C.Controllers.LoginController - User logged in 
IP: 127.0.0.1 
Agent: Mozilla/5.0 (Windows NT 10.0; Win64; x64; rv:136.0) Gecko/20100101 Firefox/136.0 
Referrer: http://localhost:3000/ 
LoginTime: 2025-03-27T10:51:40.741069900


2025-03-27 10:55:30 [INFO] C.Controllers.LoginController - User logged in 
IP: 127.0.0.1 
Agent: Mozilla/5.0 (Windows NT 10.0; Win64; x64; rv:136.0) Gecko/20100101 Firefox/136.0 
Referrer: http://localhost:3000/ 
LoginTime: 2025-03-27T10:55:30.713661800


2025-03-27 10:59:05 [INFO] C.Controllers.LoginController - User logged in 
IP: 127.0.0.1 
Agent: Mozilla/5.0 (Linux; Android 11; SAMSUNG SM-G973U) AppleWebKit/537.36 (KHTML, like Gecko) SamsungBrowser/14.2 Chrome/87.0.4280.141 Mobile Safari/537.36 
Referrer: http://localhost:3000/ 
LoginTime: 2025-03-27T10:59:05.508828800


2025-03-27 11:05:59 [INFO] C.Controllers.LoginController - User logged in 
IP: 127.0.0.1 
Agent: Mozilla/5.0 (Windows NT 10.0; Win64; x64; rv:136.0) Gecko/20100101 Firefox/136.0 
Referrer: http://localhost:3000/ 
LoginTime: 2025-03-27T11:05:59.946716100


2025-03-27 11:07:58 [INFO] C.Controllers.LoginController - User logged in 
IP: 127.0.0.1 
Agent: Mozilla/5.0 (Windows NT 10.0; Win64; x64; rv:136.0) Gecko/20100101 Firefox/136.0 
Referrer: http://localhost:3000/ 
LoginTime: 2025-03-27T11:07:58.675308800


2025-03-27 11:21:10 [INFO] C.Controllers.LoginController - User logged in 
IP: 127.0.0.1 
Agent: Mozilla/5.0 (Windows NT 10.0; Win64; x64; rv:136.0) Gecko/20100101 Firefox/136.0 
Referrer: http://localhost:3000/ 
LoginTime: 2025-03-27T11:21:10.360193500


2025-03-27 13:08:17 [INFO] C.Controllers.LoginController - User logged in 
IP: 127.0.0.1 
Agent: Mozilla/5.0 (Windows NT 10.0; Win64; x64; rv:136.0) Gecko/20100101 Firefox/136.0 
Referrer: http://localhost:3000/ 
LoginTime: 2025-03-27T13:08:17.007245900


2025-03-27 14:07:37 [INFO] C.Controllers.LoginController - User logged in 
IP: 127.0.0.1 
Agent: Mozilla/5.0 (Windows NT 10.0; Win64; x64; rv:136.0) Gecko/20100101 Firefox/136.0 
Referrer: http://localhost:3000/ 
LoginTime: 2025-03-27T14:07:37.769056800


2025-03-27 14:42:43 [INFO] C.Controllers.LoginController - User logged in 
IP: 127.0.0.1 
Agent: Mozilla/5.0 (Windows NT 10.0; Win64; x64; rv:136.0) Gecko/20100101 Firefox/136.0 
Referrer: http://localhost:3000/ 
LoginTime: 2025-03-27T14:42:43.694734200


2025-03-27 14:53:02 [INFO] C.Controllers.LoginController - User logged in 
IP: 127.0.0.1 
Agent: Mozilla/5.0 (Windows NT 10.0; Win64; x64; rv:136.0) Gecko/20100101 Firefox/136.0 
Referrer: http://localhost:3000/ 
LoginTime: 2025-03-27T14:53:02.156554500


2025-03-27 14:53:15 [INFO] C.Controllers.LoginController - User logged in 
IP: 127.0.0.1 
Agent: Mozilla/5.0 (Windows NT 10.0; Win64; x64; rv:136.0) Gecko/20100101 Firefox/136.0 
Referrer: http://localhost:3000/ 
LoginTime: 2025-03-27T14:53:15.992997600


2025-03-28 06:34:03 [INFO] C.Controllers.LoginController - User logged in 
IP: 127.0.0.1 
Agent: Mozilla/5.0 (Windows NT 10.0; Win64; x64; rv:136.0) Gecko/20100101 Firefox/136.0 
Referrer: http://localhost:3000/ 
LoginTime: 2025-03-28T06:34:03.739589


2025-03-28 06:34:43 [INFO] C.Controllers.LoginController - User logged in 
IP: 127.0.0.1 
Agent: Mozilla/5.0 (Windows NT 10.0; Win64; x64; rv:136.0) Gecko/20100101 Firefox/136.0 
Referrer: http://localhost:3000/ 
LoginTime: 2025-03-28T06:34:43.473537300


2025-03-28 06:35:03 [INFO] C.Controllers.LoginController - User logged in 
IP: 127.0.0.1 
Agent: Mozilla/5.0 (Windows NT 10.0; Win64; x64; rv:136.0) Gecko/20100101 Firefox/136.0 
Referrer: http://localhost:3000/ 
LoginTime: 2025-03-28T06:35:03.567254400


2025-03-28 06:37:11 [INFO] C.Controllers.LoginController - User logged in 
IP: 127.0.0.1 
Agent: Mozilla/5.0 (Windows NT 10.0; Win64; x64; rv:136.0) Gecko/20100101 Firefox/136.0 
Referrer: http://localhost:3000/ 
LoginTime: 2025-03-28T06:37:11.502367300


2025-03-28 06:37:57 [INFO] C.Controllers.LoginController - User logged in 
IP: 127.0.0.1 
Agent: Mozilla/5.0 (Windows NT 10.0; Win64; x64; rv:136.0) Gecko/20100101 Firefox/136.0 
Referrer: http://localhost:3000/ 
LoginTime: 2025-03-28T06:37:57.009648700


2025-03-28 06:38:50 [INFO] C.Controllers.LoginController - User logged in 
IP: 127.0.0.1 
Agent: Mozilla/5.0 (Windows NT 10.0; Win64; x64; rv:136.0) Gecko/20100101 Firefox/136.0 
Referrer: http://localhost:3000/ 
LoginTime: 2025-03-28T06:38:50.933991900


2025-03-28 06:40:15 [INFO] C.Controllers.LoginController - User logged in 
IP: 127.0.0.1 
Agent: Mozilla/5.0 (Windows NT 10.0; Win64; x64; rv:136.0) Gecko/20100101 Firefox/136.0 
Referrer: http://localhost:3000/ 
LoginTime: 2025-03-28T06:40:15.899571600


2025-03-28 06:41:10 [INFO] C.Controllers.LoginController - User logged in 
IP: 127.0.0.1 
Agent: Mozilla/5.0 (Windows NT 10.0; Win64; x64; rv:136.0) Gecko/20100101 Firefox/136.0 
Referrer: http://localhost:3000/ 
LoginTime: 2025-03-28T06:41:10.683153


2025-03-28 06:53:21 [INFO] C.Controllers.LoginController - User logged in 
IP: 127.0.0.1 
Agent: Mozilla/5.0 (Windows NT 10.0; Win64; x64; rv:136.0) Gecko/20100101 Firefox/136.0 
Referrer: http://localhost:3000/ 
LoginTime: 2025-03-28T06:53:21.802987600


2025-03-28 06:53:30 [INFO] C.Controllers.LoginController - User logged in 
IP: 127.0.0.1 
Agent: Mozilla/5.0 (Windows NT 10.0; Win64; x64; rv:136.0) Gecko/20100101 Firefox/136.0 
Referrer: http://localhost:3000/ 
LoginTime: 2025-03-28T06:53:30.531975400


2025-03-28 06:56:15 [INFO] C.Controllers.LoginController - User logged in 
IP: 127.0.0.1 
Agent: Mozilla/5.0 (Windows NT 10.0; Win64; x64; rv:136.0) Gecko/20100101 Firefox/136.0 
Referrer: http://localhost:3000/ 
LoginTime: 2025-03-28T06:56:15.184263300


2025-03-28 06:57:19 [INFO] C.Controllers.LoginController - User logged in 
IP: 127.0.0.1 
Agent: Mozilla/5.0 (Windows NT 10.0; Win64; x64; rv:136.0) Gecko/20100101 Firefox/136.0 
Referrer: http://localhost:3000/ 
LoginTime: 2025-03-28T06:57:19.831811400


2025-03-28 06:58:21 [INFO] C.Controllers.LoginController - User logged in 
IP: 127.0.0.1 
Agent: Mozilla/5.0 (Windows NT 10.0; Win64; x64; rv:136.0) Gecko/20100101 Firefox/136.0 
Referrer: http://localhost:3000/ 
LoginTime: 2025-03-28T06:58:21.133709


2025-03-28 07:41:10 [INFO] C.Controllers.LoginController - User logged in 
IP: 127.0.0.1 
Agent: Mozilla/5.0 (Windows NT 10.0; Win64; x64; rv:136.0) Gecko/20100101 Firefox/136.0 
Referrer: http://localhost:3000/ 
LoginTime: 2025-03-28T07:41:10.035278


